// Jest Snapshot v1, https://goo.gl/fbAQLP

exports[`<Dropdown /> should match snapshot 1`] = `
<div>
  <button
    aria-expanded="false"
    aria-haspopup="menu"
    class="flex items-center justify-center gap-3.5 top-0 z-10 text-white rounded"
    data-headlessui-state=""
    id="headlessui-menu-button-:r8:"
    type="button"
  >
    sports
    <svg
      class="transition-all rotate-0"
      fill="white"
      font-size="24"
      height="1em"
      stroke="currentColor"
      stroke-width="0"
      viewBox="0 0 24 24"
      width="1em"
      xmlns="http://www.w3.org/2000/svg"
    >
      <g>
        <path
          d="M0 0h24v24H0z"
          fill="none"
        />
        <path
          d="M12 13.172l4.95-4.95 1.414 1.414L12 16 5.636 9.636 7.05 8.222z"
        />
      </g>
    </svg>
  </button>
</div>
`;
